// Jest Snapshot v1, https://goo.gl/fbAQLP

exports[`Pruebas hechas sobre el componente <GifGridItem /> Debe retornar el componente correctamente 1`] = `
<div
  className="card"
>
  <img
    alt="Un título"
    src="http://localhost/algo.jpg"
  />
  <p>
    Un título
  </p>
</div>
`;
